192.168.123.7 - - [16/Jul/2024:08:37:52 +0900] "POST /admin/login.jsp HTTP/1.1" 200 218
192.168.123.7 - - [16/Jul/2024:08:37:55 +0900] "POST /admin/travel_all_statistics.jsp HTTP/1.1" 200 695
192.168.123.7 - - [16/Jul/2024:08:45:30 +0900] "POST /hotel/resv_related_select.jsp HTTP/1.1" 200 404
192.168.123.169 - - [16/Jul/2024:08:45:31 +0900] "GET /admin/hotel_all_statistics.jsp HTTP/1.1" 200 685
192.168.123.7 - - [16/Jul/2024:08:45:36 +0900] "POST /admin/login.jsp HTTP/1.1" 200 218
192.168.123.7 - - [16/Jul/2024:08:45:41 +0900] "POST /admin/travel_all_statistics.jsp HTTP/1.1" 200 695
192.168.123.7 - - [16/Jul/2024:08:48:19 +0900] "POST /admin/travel_all_statistics.jsp HTTP/1.1" 200 695
192.168.123.7 - - [16/Jul/2024:08:49:07 +0900] "POST /admin/hotel_all_statistics.jsp HTTP/1.1" 200 685
192.168.123.7 - - [16/Jul/2024:08:49:10 +0900] "POST /admin/travel_all_statistics.jsp HTTP/1.1" 200 695
192.168.123.7 - - [16/Jul/2024:08:50:13 +0900] "POST /admin/login.jsp HTTP/1.1" 200 218
192.168.123.7 - - [16/Jul/2024:08:50:18 +0900] "POST /admin/travel_all_statistics.jsp HTTP/1.1" 200 695
192.168.123.7 - - [16/Jul/2024:08:50:24 +0900] "POST /admin/hotel_all_statistics.jsp HTTP/1.1" 200 685
192.168.123.7 - - [16/Jul/2024:08:50:40 +0900] "POST /admin/hotel_all_statistics.jsp HTTP/1.1" 200 685
192.168.123.7 - - [16/Jul/2024:08:55:44 +0900] "POST /travel/login.jsp HTTP/1.1" 200 169
192.168.123.7 - - [16/Jul/2024:08:55:48 +0900] "POST /travel/all_statistics.jsp HTTP/1.1" 200 520
192.168.123.7 - - [16/Jul/2024:08:56:57 +0900] "POST /admin/login.jsp HTTP/1.1" 200 218
192.168.123.7 - - [16/Jul/2024:08:57:01 +0900] "POST /admin/travel_all_statistics.jsp HTTP/1.1" 200 695
192.168.123.7 - - [16/Jul/2024:08:57:05 +0900] "POST /admin/hotel_all_statistics.jsp HTTP/1.1" 200 685
192.168.123.7 - - [16/Jul/2024:08:58:26 +0900] "POST /admin/hotel_all_statistics.jsp HTTP/1.1" 200 685
192.168.123.7 - - [16/Jul/2024:08:58:35 +0900] "POST /admin/travel_all_statistics.jsp HTTP/1.1" 200 695
192.168.123.7 - - [16/Jul/2024:08:59:17 +0900] "POST /admin/hotel_all_statistics.jsp HTTP/1.1" 200 685
192.168.123.7 - - [16/Jul/2024:08:59:38 +0900] "POST /admin/hotel_all_statistics.jsp HTTP/1.1" 200 685
192.168.123.7 - - [16/Jul/2024:09:00:42 +0900] "POST /admin/travel_all_statistics.jsp HTTP/1.1" 200 695
192.168.123.7 - - [16/Jul/2024:09:01:12 +0900] "POST /admin/hotel_all_statistics.jsp HTTP/1.1" 200 685
192.168.123.7 - - [16/Jul/2024:09:01:19 +0900] "POST /admin/hotel_all_statistics.jsp HTTP/1.1" 200 685
192.168.123.7 - - [16/Jul/2024:09:01:23 +0900] "POST /admin/hotel_all_statistics.jsp HTTP/1.1" 200 685
192.168.123.7 - - [16/Jul/2024:09:02:10 +0900] "POST /admin/hotel_all_statistics.jsp HTTP/1.1" 200 685
192.168.123.7 - - [16/Jul/2024:09:03:27 +0900] "POST /admin/hotel_all_statistics.jsp HTTP/1.1" 200 685
192.168.123.7 - - [16/Jul/2024:09:04:43 +0900] "POST /admin/hotel_all_statistics.jsp HTTP/1.1" 200 685
192.168.123.7 - - [16/Jul/2024:09:04:54 +0900] "POST /admin/hotel_all_statistics.jsp HTTP/1.1" 200 685
192.168.123.7 - - [16/Jul/2024:09:05:11 +0900] "POST /admin/hotel_all_statistics.jsp HTTP/1.1" 200 685
192.168.123.7 - - [16/Jul/2024:09:08:13 +0900] "POST /admin/travel_all_statistics.jsp HTTP/1.1" 200 695
192.168.123.7 - - [16/Jul/2024:09:11:11 +0900] "POST /admin/login.jsp HTTP/1.1" 200 218
192.168.123.7 - - [16/Jul/2024:09:11:15 +0900] "POST /admin/hotel_all_statistics.jsp HTTP/1.1" 200 685
192.168.123.7 - - [16/Jul/2024:09:13:39 +0900] "POST /admin/travel_all_statistics.jsp HTTP/1.1" 200 695
192.168.123.7 - - [16/Jul/2024:09:14:49 +0900] "POST /admin/travel_all_statistics.jsp HTTP/1.1" 200 695
192.168.123.3 - - [16/Jul/2024:09:18:16 +0900] "POST /hotel/login.jsp HTTP/1.1" 200 171
192.168.123.3 - - [16/Jul/2024:09:18:20 +0900] "POST /hotel/resv_related_select.jsp HTTP/1.1" 200 40
192.168.123.3 - - [16/Jul/2024:09:18:25 +0900] "POST /hotel/all_statistics.jsp HTTP/1.1" 200 343
192.168.123.3 - - [16/Jul/2024:09:19:52 +0900] "POST /hotel/resv_related_select.jsp HTTP/1.1" 200 408
192.168.123.3 - - [16/Jul/2024:09:20:06 +0900] "POST /hotel/resv_related_select.jsp HTTP/1.1" 200 409
192.168.123.3 - - [16/Jul/2024:09:20:33 +0900] "POST /admin/login.jsp HTTP/1.1" 200 218
192.168.123.3 - - [16/Jul/2024:09:20:39 +0900] "POST /admin/hotel_bu_check.jsp HTTP/1.1" 200 33
192.168.123.3 - - [16/Jul/2024:09:20:42 +0900] "POST /admin/travel_bu_check.jsp HTTP/1.1" 200 34
192.168.123.3 - - [16/Jul/2024:09:20:48 +0900] "POST /admin/travel_check.jsp HTTP/1.1" 200 2094
192.168.123.3 - - [16/Jul/2024:09:21:00 +0900] "POST /admin/travel_bu_check.jsp HTTP/1.1" 200 34
192.168.123.3 - - [16/Jul/2024:09:21:02 +0900] "POST /admin/hotel_check.jsp HTTP/1.1" 200 582
192.168.123.3 - - [16/Jul/2024:09:21:07 +0900] "POST /admin/travel_member_manager.jsp HTTP/1.1" 200 2446
192.168.123.3 - - [16/Jul/2024:09:21:14 +0900] "POST /admin/hotel_member_manager.jsp HTTP/1.1" 200 2173
192.168.123.3 - - [16/Jul/2024:09:21:17 +0900] "POST /admin/travel_all_statistics.jsp HTTP/1.1" 200 695
192.168.123.3 - - [16/Jul/2024:09:21:21 +0900] "POST /admin/hotel_all_statistics.jsp HTTP/1.1" 200 685
192.168.123.3 - - [16/Jul/2024:09:21:30 +0900] "POST /admin/hotel_bu_check.jsp HTTP/1.1" 200 33
192.168.123.7 - - [16/Jul/2024:09:22:00 +0900] "GET /admin/travel_all_statistics.jsp?from_date=20000101&to_date=20241212 HTTP/1.1" 200 695
192.168.123.7 - - [16/Jul/2024:09:23:02 +0900] "POST /admin/login.jsp HTTP/1.1" 200 218
192.168.123.7 - - [16/Jul/2024:09:23:05 +0900] "POST /admin/travel_all_statistics.jsp HTTP/1.1" 200 695
192.168.123.7 - - [16/Jul/2024:09:23:07 +0900] "POST /admin/travel_all_statistics.jsp HTTP/1.1" 200 695
192.168.123.7 - - [16/Jul/2024:09:23:08 +0900] "POST /admin/travel_all_statistics.jsp HTTP/1.1" 200 695
192.168.123.7 - - [16/Jul/2024:09:26:11 +0900] "POST /travel/login.jsp HTTP/1.1" 200 169
192.168.123.7 - - [16/Jul/2024:09:26:13 +0900] "POST /travel/all_statistics.jsp HTTP/1.1" 200 520
192.168.123.7 - - [16/Jul/2024:09:26:15 +0900] "POST /travel/all_statistics.jsp HTTP/1.1" 200 520
192.168.123.7 - - [16/Jul/2024:09:26:15 +0900] "POST /travel/all_statistics.jsp HTTP/1.1" 200 520
192.168.123.7 - - [16/Jul/2024:09:26:17 +0900] "POST /travel/all_statistics.jsp HTTP/1.1" 200 520
192.168.123.7 - - [16/Jul/2024:09:26:23 +0900] "POST /hotel/login.jsp HTTP/1.1" 200 171
192.168.123.7 - - [16/Jul/2024:09:26:25 +0900] "POST /hotel/all_statistics.jsp HTTP/1.1" 200 343
192.168.123.7 - - [16/Jul/2024:09:26:27 +0900] "POST /hotel/all_statistics.jsp HTTP/1.1" 200 343
192.168.123.7 - - [16/Jul/2024:09:26:27 +0900] "POST /hotel/all_statistics.jsp HTTP/1.1" 200 343
192.168.123.7 - - [16/Jul/2024:09:26:31 +0900] "POST /admin/login.jsp HTTP/1.1" 200 218
192.168.123.7 - - [16/Jul/2024:09:27:02 +0900] "POST /admin/travel_all_statistics.jsp HTTP/1.1" 200 695
192.168.123.7 - - [16/Jul/2024:09:30:40 +0900] "POST /admin/travel_all_statistics.jsp HTTP/1.1" 200 695
192.168.123.7 - - [16/Jul/2024:09:30:43 +0900] "POST /admin/travel_all_statistics.jsp HTTP/1.1" 200 695
192.168.123.7 - - [16/Jul/2024:09:33:45 +0900] "POST /admin/travel_all_statistics.jsp HTTP/1.1" 200 695
192.168.123.7 - - [16/Jul/2024:09:33:51 +0900] "POST /admin/travel_all_statistics.jsp HTTP/1.1" 200 695
192.168.123.7 - - [16/Jul/2024:09:34:03 +0900] "POST /admin/travel_all_statistics.jsp HTTP/1.1" 200 695
192.168.123.7 - - [16/Jul/2024:09:34:03 +0900] "POST /admin/travel_all_statistics.jsp HTTP/1.1" 200 695
192.168.123.7 - - [16/Jul/2024:09:34:17 +0900] "POST /admin/travel_all_statistics.jsp HTTP/1.1" 200 695
192.168.123.7 - - [16/Jul/2024:09:34:17 +0900] "POST /admin/travel_all_statistics.jsp HTTP/1.1" 200 695
192.168.123.7 - - [16/Jul/2024:09:35:55 +0900] "POST /admin/travel_all_statistics.jsp HTTP/1.1" 200 695
192.168.123.7 - - [16/Jul/2024:09:35:55 +0900] "POST /admin/travel_all_statistics.jsp HTTP/1.1" 200 695
192.168.123.7 - - [16/Jul/2024:09:36:32 +0900] "POST /hotel/resv_all.jsp HTTP/1.1" 200 1148
192.168.123.3 - - [16/Jul/2024:09:36:40 +0900] "POST /travel/travel_list.jsp HTTP/1.1" 200 1053
192.168.123.7 - - [16/Jul/2024:09:36:46 +0900] "POST /hotel/resv_all.jsp HTTP/1.1" 200 40
192.168.123.7 - - [16/Jul/2024:09:36:49 +0900] "POST /hotel/resv_all.jsp HTTP/1.1" 200 40
192.168.123.7 - - [16/Jul/2024:09:36:52 +0900] "POST /hotel/resv_all.jsp HTTP/1.1" 200 1148
192.168.123.3 - - [16/Jul/2024:09:36:52 +0900] "POST /hotel/hotel_list.jsp HTTP/1.1" 200 421
192.168.123.3 - - [16/Jul/2024:09:38:38 +0900] "POST /hotel/signup.jsp HTTP/1.1" 200 24
192.168.123.169 - - [16/Jul/2024:09:40:08 +0900] "GET /admin/agency_all_statistics.jsp HTTP/1.1" 404 827
192.168.123.169 - - [16/Jul/2024:09:40:17 +0900] "GET /admin/travel_all_statistics.jsp HTTP/1.1" 200 695
192.168.123.7 - - [16/Jul/2024:09:43:32 +0900] "POST /hotel/resv_all.jsp HTTP/1.1" 200 1148
192.168.123.7 - - [16/Jul/2024:09:43:46 +0900] "POST /hotel/resv_all.jsp HTTP/1.1" 200 1148
192.168.123.7 - - [16/Jul/2024:09:44:06 +0900] "POST /hotel/resv_all.jsp HTTP/1.1" 200 1148
192.168.123.7 - - [16/Jul/2024:09:44:27 +0900] "POST /hotel/resv_all.jsp HTTP/1.1" 200 1148
192.168.123.7 - - [16/Jul/2024:09:44:47 +0900] "POST /hotel/resv_all.jsp HTTP/1.1" 200 1148
192.168.123.169 - - [16/Jul/2024:09:45:37 +0900] "GET /admin/hotel_resv_all.jsp?hotel_id=1 HTTP/1.1" 200 1208
192.168.123.169 - - [16/Jul/2024:09:45:48 +0900] "GET /admin/hotel_resv_all.jsp?hotel_id=2 HTTP/1.1" 200 1993
192.168.123.169 - - [16/Jul/2024:09:48:27 +0900] "GET /admin/travel_resv_all.jsp?agency_id=1 HTTP/1.1" 200 1978
192.168.123.7 - - [16/Jul/2024:09:48:57 +0900] "POST /hotel/login.jsp HTTP/1.1" 200 51
192.168.123.7 - - [16/Jul/2024:09:48:58 +0900] "POST /hotel/login.jsp HTTP/1.1" 200 51
192.168.123.7 - - [16/Jul/2024:09:49:03 +0900] "POST /hotel/login.jsp HTTP/1.1" 200 171
192.168.123.7 - - [16/Jul/2024:09:49:05 +0900] "POST /hotel/all_statistics.jsp HTTP/1.1" 200 343
192.168.123.7 - - [16/Jul/2024:09:49:06 +0900] "POST /hotel/all_statistics.jsp HTTP/1.1" 200 343
192.168.123.7 - - [16/Jul/2024:09:49:08 +0900] "POST /hotel/resv_all.jsp HTTP/1.1" 200 1148
192.168.123.7 - - [16/Jul/2024:09:49:10 +0900] "POST /hotel/all_statistics.jsp HTTP/1.1" 200 343
192.168.123.7 - - [16/Jul/2024:09:49:10 +0900] "POST /hotel/resv_all.jsp HTTP/1.1" 200 1148
192.168.123.7 - - [16/Jul/2024:09:49:20 +0900] "POST /hotel/all_statistics.jsp HTTP/1.1" 200 343
192.168.123.7 - - [16/Jul/2024:09:49:42 +0900] "POST /hotel/all_statistics.jsp HTTP/1.1" 200 343
192.168.123.7 - - [16/Jul/2024:09:49:43 +0900] "POST /hotel/statistics_in.jsp HTTP/1.1" 500 2762
192.168.123.7 - - [16/Jul/2024:09:49:44 +0900] "POST /hotel/statistics_in.jsp HTTP/1.1" 200 153
192.168.123.7 - - [16/Jul/2024:09:49:45 +0900] "POST /hotel/statistics_in.jsp HTTP/1.1" 200 153
192.168.123.7 - - [16/Jul/2024:09:49:45 +0900] "POST /hotel/statistics_in.jsp HTTP/1.1" 200 153
192.168.123.7 - - [16/Jul/2024:09:49:46 +0900] "POST /hotel/statistics_in.jsp HTTP/1.1" 200 327
192.168.123.7 - - [16/Jul/2024:09:49:48 +0900] "POST /hotel/resv_all.jsp HTTP/1.1" 200 1148
192.168.123.7 - - [16/Jul/2024:09:49:53 +0900] "POST /hotel/resv_all.jsp HTTP/1.1" 200 1148
192.168.123.7 - - [16/Jul/2024:09:49:56 +0900] "POST /hotel/all_statistics.jsp HTTP/1.1" 200 343
192.168.123.7 - - [16/Jul/2024:09:49:57 +0900] "POST /hotel/statistics.jsp HTTP/1.1" 200 327
192.168.123.7 - - [16/Jul/2024:09:49:58 +0900] "POST /hotel/resv_all.jsp HTTP/1.1" 200 1148
192.168.123.7 - - [16/Jul/2024:09:51:25 +0900] "POST /hotel/resv_all.jsp HTTP/1.1" 200 1148
192.168.123.7 - - [16/Jul/2024:09:52:16 +0900] "POST /hotel/all_statistics.jsp HTTP/1.1" 200 343
192.168.123.7 - - [16/Jul/2024:09:52:19 +0900] "POST /hotel/statistics_in.jsp HTTP/1.1" 500 2762
192.168.123.7 - - [16/Jul/2024:09:52:19 +0900] "POST /hotel/statistics_in.jsp HTTP/1.1" 200 153
192.168.123.7 - - [16/Jul/2024:09:52:21 +0900] "POST /hotel/statistics_in.jsp HTTP/1.1" 200 153
192.168.123.7 - - [16/Jul/2024:09:52:22 +0900] "POST /hotel/statistics_in.jsp HTTP/1.1" 200 153
192.168.123.7 - - [16/Jul/2024:09:52:23 +0900] "POST /hotel/statistics_in.jsp HTTP/1.1" 200 327
192.168.123.7 - - [16/Jul/2024:09:53:07 +0900] "POST /hotel/resv_all.jsp HTTP/1.1" 200 1148
192.168.123.7 - - [16/Jul/2024:09:53:28 +0900] "POST /hotel/resv_all.jsp HTTP/1.1" 200 1148
192.168.123.7 - - [16/Jul/2024:09:53:38 +0900] "POST /hotel/resv_all.jsp HTTP/1.1" 200 1148
192.168.123.7 - - [16/Jul/2024:09:53:49 +0900] "POST /hotel/statistics_in.jsp HTTP/1.1" 500 2762
192.168.123.7 - - [16/Jul/2024:09:53:49 +0900] "POST /hotel/statistics_in.jsp HTTP/1.1" 200 153
192.168.123.7 - - [16/Jul/2024:09:53:50 +0900] "POST /hotel/statistics_in.jsp HTTP/1.1" 200 153
192.168.123.7 - - [16/Jul/2024:09:53:51 +0900] "POST /hotel/statistics_in.jsp HTTP/1.1" 200 153
192.168.123.7 - - [16/Jul/2024:09:53:52 +0900] "POST /hotel/statistics_in.jsp HTTP/1.1" 200 153
192.168.123.7 - - [16/Jul/2024:09:53:52 +0900] "POST /hotel/statistics_in.jsp HTTP/1.1" 200 153
192.168.123.7 - - [16/Jul/2024:09:53:53 +0900] "POST /hotel/statistics_in.jsp HTTP/1.1" 500 2762
192.168.123.7 - - [16/Jul/2024:09:53:53 +0900] "POST /hotel/statistics_in.jsp HTTP/1.1" 200 153
192.168.123.7 - - [16/Jul/2024:09:53:54 +0900] "POST /hotel/statistics_in.jsp HTTP/1.1" 200 327
192.168.123.7 - - [16/Jul/2024:09:53:55 +0900] "POST /hotel/statistics_in.jsp HTTP/1.1" 200 327
192.168.123.7 - - [16/Jul/2024:09:53:55 +0900] "POST /hotel/statistics_in.jsp HTTP/1.1" 200 327
192.168.123.7 - - [16/Jul/2024:09:53:55 +0900] "POST /hotel/statistics_in.jsp HTTP/1.1" 200 327
192.168.123.7 - - [16/Jul/2024:09:53:56 +0900] "POST /hotel/all_statistics.jsp HTTP/1.1" 200 343
192.168.123.7 - - [16/Jul/2024:09:53:58 +0900] "POST /hotel/all_statistics.jsp HTTP/1.1" 200 343
192.168.123.7 - - [16/Jul/2024:09:53:59 +0900] "POST /hotel/statistics.jsp HTTP/1.1" 200 171
192.168.123.7 - - [16/Jul/2024:09:53:59 +0900] "POST /hotel/statistics.jsp HTTP/1.1" 200 171
192.168.123.7 - - [16/Jul/2024:09:54:01 +0900] "POST /hotel/statistics.jsp HTTP/1.1" 200 171
192.168.123.7 - - [16/Jul/2024:09:54:01 +0900] "POST /hotel/statistics.jsp HTTP/1.1" 200 327
192.168.123.7 - - [16/Jul/2024:09:54:08 +0900] "POST /hotel/resv_all.jsp HTTP/1.1" 200 1148
192.168.123.7 - - [16/Jul/2024:09:54:18 +0900] "POST /hotel/all_statistics.jsp HTTP/1.1" 200 343
192.168.123.7 - - [16/Jul/2024:09:54:19 +0900] "POST /hotel/resv_all.jsp HTTP/1.1" 200 1148
192.168.123.7 - - [16/Jul/2024:09:54:44 +0900] "POST /hotel/statistics_in.jsp HTTP/1.1" 500 2762
192.168.123.7 - - [16/Jul/2024:09:54:50 +0900] "POST /hotel/statistics_in.jsp HTTP/1.1" 500 2762
192.168.123.7 - - [16/Jul/2024:09:55:20 +0900] "POST /hotel/resv_all.jsp HTTP/1.1" 200 1148
192.168.123.3 - - [16/Jul/2024:09:55:40 +0900] "POST /admin/login.jsp HTTP/1.1" 200 218
192.168.123.3 - - [16/Jul/2024:09:55:45 +0900] "POST /admin/travel_all_statistics.jsp HTTP/1.1" 200 695
192.168.123.3 - - [16/Jul/2024:09:55:51 +0900] "POST /admin/travel_statistics.jsp HTTP/1.1" 200 693
192.168.123.3 - - [16/Jul/2024:09:55:53 +0900] "POST /admin/travel_statistics.jsp HTTP/1.1" 200 171
192.168.123.3 - - [16/Jul/2024:09:55:54 +0900] "POST /admin/travel_statistics.jsp HTTP/1.1" 200 171
192.168.123.3 - - [16/Jul/2024:09:55:55 +0900] "POST /admin/travel_statistics.jsp HTTP/1.1" 200 171
192.168.123.3 - - [16/Jul/2024:09:55:56 +0900] "POST /admin/travel_statistics.jsp HTTP/1.1" 200 514
192.168.123.3 - - [16/Jul/2024:09:55:58 +0900] "POST /admin/travel_statistics.jsp HTTP/1.1" 200 514
192.168.123.7 - - [16/Jul/2024:09:56:00 +0900] "POST /hotel/resv_all.jsp HTTP/1.1" 200 1148
192.168.123.3 - - [16/Jul/2024:09:56:01 +0900] "POST /admin/travel_all_statistics.jsp HTTP/1.1" 200 695
192.168.123.3 - - [16/Jul/2024:09:56:02 +0900] "POST /admin/travel_statistics.jsp HTTP/1.1" 200 514
192.168.123.3 - - [16/Jul/2024:09:56:07 +0900] "POST /admin/travel_statistics.jsp HTTP/1.1" 200 171
192.168.123.3 - - [16/Jul/2024:09:56:08 +0900] "POST /admin/travel_statistics.jsp HTTP/1.1" 200 171
192.168.123.7 - - [16/Jul/2024:09:56:27 +0900] "POST /hotel/resv_all.jsp HTTP/1.1" 200 1148
192.168.123.7 - - [16/Jul/2024:09:56:40 +0900] "POST /hotel/all_statistics.jsp HTTP/1.1" 200 343
192.168.123.7 - - [16/Jul/2024:09:56:41 +0900] "POST /hotel/all_statistics.jsp HTTP/1.1" 200 343
192.168.123.7 - - [16/Jul/2024:09:56:44 +0900] "POST /hotel/statistics_in.jsp HTTP/1.1" 500 2762
192.168.123.7 - - [16/Jul/2024:09:56:46 +0900] "POST /hotel/statistics_in.jsp HTTP/1.1" 200 327
192.168.123.7 - - [16/Jul/2024:09:57:00 +0900] "POST /hotel/resv_all.jsp HTTP/1.1" 200 1148
192.168.123.7 - - [16/Jul/2024:09:57:21 +0900] "POST /hotel/all_statistics.jsp HTTP/1.1" 200 343
192.168.123.7 - - [16/Jul/2024:09:57:22 +0900] "POST /hotel/all_statistics.jsp HTTP/1.1" 200 343
192.168.123.7 - - [16/Jul/2024:09:57:27 +0900] "POST /hotel/statistics_in.jsp HTTP/1.1" 500 2762
192.168.123.7 - - [16/Jul/2024:09:57:32 +0900] "POST /hotel/statistics_in.jsp HTTP/1.1" 500 2762
192.168.123.7 - - [16/Jul/2024:09:57:37 +0900] "POST /hotel/resv_all.jsp HTTP/1.1" 200 1148
192.168.123.7 - - [16/Jul/2024:09:57:52 +0900] "POST /hotel/statistics_in.jsp HTTP/1.1" 500 2762
192.168.123.7 - - [16/Jul/2024:09:57:53 +0900] "POST /hotel/statistics_in.jsp HTTP/1.1" 200 327
192.168.123.7 - - [16/Jul/2024:09:57:58 +0900] "POST /hotel/all_statistics.jsp HTTP/1.1" 200 343
192.168.123.7 - - [16/Jul/2024:09:58:03 +0900] "POST /hotel/statistics_in.jsp HTTP/1.1" 500 2762
192.168.123.7 - - [16/Jul/2024:09:58:05 +0900] "POST /hotel/statistics_in.jsp HTTP/1.1" 200 327
192.168.123.7 - - [16/Jul/2024:09:58:06 +0900] "POST /hotel/statistics_in.jsp HTTP/1.1" 200 153
192.168.123.7 - - [16/Jul/2024:09:58:08 +0900] "POST /hotel/statistics_in.jsp HTTP/1.1" 500 2762
192.168.123.7 - - [16/Jul/2024:09:58:08 +0900] "POST /hotel/statistics_in.jsp HTTP/1.1" 200 153
192.168.123.7 - - [16/Jul/2024:09:58:09 +0900] "POST /hotel/statistics_in.jsp HTTP/1.1" 200 327
192.168.123.7 - - [16/Jul/2024:09:58:10 +0900] "POST /hotel/statistics_in.jsp HTTP/1.1" 200 153
192.168.123.7 - - [16/Jul/2024:09:58:11 +0900] "POST /hotel/statistics_in.jsp HTTP/1.1" 200 153
192.168.123.7 - - [16/Jul/2024:09:58:12 +0900] "POST /hotel/statistics_in.jsp HTTP/1.1" 500 2762
192.168.123.7 - - [16/Jul/2024:09:58:13 +0900] "POST /hotel/statistics_in.jsp HTTP/1.1" 200 153
192.168.123.7 - - [16/Jul/2024:09:58:13 +0900] "POST /hotel/statistics_in.jsp HTTP/1.1" 200 153
192.168.123.7 - - [16/Jul/2024:09:58:14 +0900] "POST /hotel/statistics_in.jsp HTTP/1.1" 200 153
192.168.123.7 - - [16/Jul/2024:09:58:14 +0900] "POST /hotel/statistics_in.jsp HTTP/1.1" 200 153
192.168.123.7 - - [16/Jul/2024:09:58:15 +0900] "POST /hotel/statistics_in.jsp HTTP/1.1" 200 327
192.168.123.7 - - [16/Jul/2024:09:58:16 +0900] "POST /hotel/statistics_in.jsp HTTP/1.1" 200 327
192.168.123.7 - - [16/Jul/2024:09:58:17 +0900] "POST /hotel/statistics_in.jsp HTTP/1.1" 500 2762
192.168.123.7 - - [16/Jul/2024:09:58:17 +0900] "POST /hotel/statistics_in.jsp HTTP/1.1" 200 153
192.168.123.7 - - [16/Jul/2024:09:58:18 +0900] "POST /hotel/statistics_in.jsp HTTP/1.1" 200 153
192.168.123.7 - - [16/Jul/2024:09:58:18 +0900] "POST /hotel/statistics_in.jsp HTTP/1.1" 200 327
192.168.123.7 - - [16/Jul/2024:09:58:19 +0900] "POST /hotel/statistics_in.jsp HTTP/1.1" 200 327
192.168.123.7 - - [16/Jul/2024:09:58:20 +0900] "POST /hotel/statistics_in.jsp HTTP/1.1" 200 153
192.168.123.7 - - [16/Jul/2024:09:58:20 +0900] "POST /hotel/statistics_in.jsp HTTP/1.1" 200 153
192.168.123.7 - - [16/Jul/2024:09:58:21 +0900] "POST /hotel/statistics_in.jsp HTTP/1.1" 500 2762
192.168.123.7 - - [16/Jul/2024:09:58:23 +0900] "POST /hotel/statistics_in.jsp HTTP/1.1" 200 327
192.168.123.7 - - [16/Jul/2024:09:58:23 +0900] "POST /hotel/statistics_in.jsp HTTP/1.1" 200 327
192.168.123.7 - - [16/Jul/2024:09:58:24 +0900] "POST /hotel/statistics_in.jsp HTTP/1.1" 200 153
192.168.123.7 - - [16/Jul/2024:09:58:24 +0900] "POST /hotel/statistics_in.jsp HTTP/1.1" 200 153
192.168.123.7 - - [16/Jul/2024:09:58:25 +0900] "POST /hotel/statistics_in.jsp HTTP/1.1" 200 327
192.168.123.7 - - [16/Jul/2024:09:58:26 +0900] "POST /hotel/statistics_in.jsp HTTP/1.1" 500 2762
192.168.123.7 - - [16/Jul/2024:09:58:26 +0900] "POST /hotel/statistics_in.jsp HTTP/1.1" 200 153
192.168.123.7 - - [16/Jul/2024:09:58:27 +0900] "POST /hotel/statistics_in.jsp HTTP/1.1" 200 153
192.168.123.7 - - [16/Jul/2024:09:58:27 +0900] "POST /hotel/statistics_in.jsp HTTP/1.1" 200 153
192.168.123.7 - - [16/Jul/2024:09:58:28 +0900] "POST /hotel/statistics_in.jsp HTTP/1.1" 200 327
192.168.123.7 - - [16/Jul/2024:09:58:29 +0900] "POST /hotel/statistics_in.jsp HTTP/1.1" 200 153
192.168.123.7 - - [16/Jul/2024:09:58:29 +0900] "POST /hotel/statistics_in.jsp HTTP/1.1" 200 153
192.168.123.7 - - [16/Jul/2024:10:01:05 +0900] "POST /hotel/statistics_in.jsp HTTP/1.1" 500 2762
192.168.123.7 - - [16/Jul/2024:10:01:05 +0900] "POST /hotel/statistics_in.jsp HTTP/1.1" 200 153
192.168.123.7 - - [16/Jul/2024:10:01:05 +0900] "POST /hotel/statistics_in.jsp HTTP/1.1" 200 327
192.168.123.7 - - [16/Jul/2024:10:01:06 +0900] "POST /hotel/statistics_in.jsp HTTP/1.1" 200 153
192.168.123.7 - - [16/Jul/2024:10:01:06 +0900] "POST /hotel/statistics_in.jsp HTTP/1.1" 200 153
192.168.123.7 - - [16/Jul/2024:10:01:07 +0900] "POST /hotel/statistics_in.jsp HTTP/1.1" 200 153
192.168.123.7 - - [16/Jul/2024:10:01:07 +0900] "POST /hotel/statistics_in.jsp HTTP/1.1" 200 153
192.168.123.7 - - [16/Jul/2024:10:01:07 +0900] "POST /hotel/statistics_in.jsp HTTP/1.1" 200 153
192.168.123.7 - - [16/Jul/2024:10:01:28 +0900] "POST /hotel/all_statistics.jsp HTTP/1.1" 200 343
192.168.123.7 - - [16/Jul/2024:10:01:28 +0900] "POST /hotel/all_statistics.jsp HTTP/1.1" 200 343
192.168.123.7 - - [16/Jul/2024:10:01:30 +0900] "POST /hotel/statistics_in.jsp HTTP/1.1" 500 2762
192.168.123.7 - - [16/Jul/2024:10:01:30 +0900] "POST /hotel/statistics_in.jsp HTTP/1.1" 200 153
192.168.123.7 - - [16/Jul/2024:10:01:31 +0900] "POST /hotel/statistics_in.jsp HTTP/1.1" 200 153
192.168.123.7 - - [16/Jul/2024:10:01:31 +0900] "POST /hotel/statistics_in.jsp HTTP/1.1" 200 153
192.168.123.7 - - [16/Jul/2024:10:03:14 +0900] "POST /hotel/statistics_in.jsp HTTP/1.1" 500 2762
192.168.123.7 - - [16/Jul/2024:10:03:14 +0900] "POST /hotel/statistics_in.jsp HTTP/1.1" 200 153
192.168.123.7 - - [16/Jul/2024:10:04:02 +0900] "POST /hotel/statistics_in.jsp HTTP/1.1" 500 2762
192.168.123.7 - - [16/Jul/2024:10:04:03 +0900] "POST /hotel/statistics_in.jsp HTTP/1.1" 200 153
192.168.123.7 - - [16/Jul/2024:10:04:35 +0900] "POST /hotel/statistics_in.jsp HTTP/1.1" 500 2762
192.168.123.7 - - [16/Jul/2024:10:04:35 +0900] "POST /hotel/statistics_in.jsp HTTP/1.1" 200 153
192.168.123.7 - - [16/Jul/2024:10:05:04 +0900] "POST /hotel/statistics_in.jsp HTTP/1.1" 500 2762
192.168.123.7 - - [16/Jul/2024:10:05:04 +0900] "POST /hotel/statistics_in.jsp HTTP/1.1" 200 153
192.168.123.7 - - [16/Jul/2024:10:05:06 +0900] "POST /hotel/statistics_in.jsp HTTP/1.1" 200 153
192.168.123.7 - - [16/Jul/2024:10:05:06 +0900] "POST /hotel/statistics_in.jsp HTTP/1.1" 200 153
192.168.123.7 - - [16/Jul/2024:10:05:06 +0900] "POST /hotel/statistics_in.jsp HTTP/1.1" 200 153
192.168.123.7 - - [16/Jul/2024:10:05:06 +0900] "POST /hotel/statistics_in.jsp HTTP/1.1" 200 153
192.168.123.7 - - [16/Jul/2024:10:05:07 +0900] "POST /hotel/statistics_in.jsp HTTP/1.1" 200 153
192.168.123.169 - - [16/Jul/2024:10:05:51 +0900] "GET /hotel/statistics.jsp?hotel_id=1 HTTP/1.1" 200 171
192.168.123.7 - - [16/Jul/2024:10:06:28 +0900] "POST /hotel/statistics_in.jsp HTTP/1.1" 500 2762
192.168.123.7 - - [16/Jul/2024:10:06:28 +0900] "POST /hotel/statistics_in.jsp HTTP/1.1" 200 153
192.168.123.7 - - [16/Jul/2024:10:06:28 +0900] "POST /hotel/statistics_in.jsp HTTP/1.1" 200 153
192.168.123.7 - - [16/Jul/2024:10:06:28 +0900] "POST /hotel/statistics_in.jsp HTTP/1.1" 200 153
192.168.123.7 - - [16/Jul/2024:10:06:28 +0900] "POST /hotel/statistics_in.jsp HTTP/1.1" 200 153
192.168.123.7 - - [16/Jul/2024:10:06:28 +0900] "POST /hotel/statistics_in.jsp HTTP/1.1" 200 153
192.168.123.7 - - [16/Jul/2024:10:06:29 +0900] "POST /hotel/statistics_in.jsp HTTP/1.1" 200 153
192.168.123.7 - - [16/Jul/2024:10:06:29 +0900] "POST /hotel/statistics_in.jsp HTTP/1.1" 200 153
192.168.123.7 - - [16/Jul/2024:10:06:29 +0900] "POST /hotel/statistics_in.jsp HTTP/1.1" 200 153
192.168.123.7 - - [16/Jul/2024:10:06:29 +0900] "POST /hotel/statistics_in.jsp HTTP/1.1" 200 153
192.168.123.7 - - [16/Jul/2024:10:06:29 +0900] "POST /hotel/statistics_in.jsp HTTP/1.1" 200 153
192.168.123.7 - - [16/Jul/2024:10:06:30 +0900] "POST /hotel/statistics_in.jsp HTTP/1.1" 200 153
192.168.123.7 - - [16/Jul/2024:10:06:30 +0900] "POST /hotel/statistics_in.jsp HTTP/1.1" 200 153
192.168.123.7 - - [16/Jul/2024:10:06:30 +0900] "POST /hotel/statistics_in.jsp HTTP/1.1" 200 153
192.168.123.7 - - [16/Jul/2024:10:06:31 +0900] "POST /hotel/statistics_in.jsp HTTP/1.1" 200 327
192.168.123.7 - - [16/Jul/2024:10:06:31 +0900] "POST /hotel/statistics_in.jsp HTTP/1.1" 200 153
192.168.123.7 - - [16/Jul/2024:10:06:46 +0900] "POST /hotel/statistics_in.jsp HTTP/1.1" 500 2762
192.168.123.7 - - [16/Jul/2024:10:06:46 +0900] "POST /hotel/statistics_in.jsp HTTP/1.1" 200 327
192.168.123.3 - - [16/Jul/2024:10:07:21 +0900] "POST /admin/travel_member_manager.jsp HTTP/1.1" 200 2446
192.168.123.7 - - [16/Jul/2024:10:07:23 +0900] "POST /admin/login.jsp HTTP/1.1" 200 218
192.168.123.7 - - [16/Jul/2024:10:07:27 +0900] "POST /admin/travel_all_statistics.jsp HTTP/1.1" 200 695
192.168.123.3 - - [16/Jul/2024:10:07:28 +0900] "POST /admin/hotel_all_statistics.jsp HTTP/1.1" 200 685
192.168.123.3 - - [16/Jul/2024:10:07:33 +0900] "POST /admin/hotel_statistics.jsp HTTP/1.1" 500 2670
192.168.123.7 - - [16/Jul/2024:10:07:34 +0900] "POST /admin/travel_all_statistics.jsp HTTP/1.1" 200 695
192.168.123.3 - - [16/Jul/2024:10:07:34 +0900] "POST /admin/hotel_statistics.jsp HTTP/1.1" 500 2670
192.168.123.7 - - [16/Jul/2024:10:07:35 +0900] "POST /admin/travel_all_statistics.jsp HTTP/1.1" 200 695
192.168.123.3 - - [16/Jul/2024:10:07:36 +0900] "POST /admin/hotel_statistics.jsp HTTP/1.1" 500 2670
192.168.123.7 - - [16/Jul/2024:10:07:36 +0900] "POST /admin/travel_all_statistics.jsp HTTP/1.1" 200 695
192.168.123.7 - - [16/Jul/2024:10:07:37 +0900] "POST /admin/travel_all_statistics.jsp HTTP/1.1" 200 695
192.168.123.7 - - [16/Jul/2024:10:07:37 +0900] "POST /admin/travel_all_statistics.jsp HTTP/1.1" 200 695
192.168.123.7 - - [16/Jul/2024:10:07:37 +0900] "POST /admin/travel_all_statistics.jsp HTTP/1.1" 200 695
192.168.123.3 - - [16/Jul/2024:10:07:37 +0900] "POST /admin/hotel_statistics.jsp HTTP/1.1" 500 2670
192.168.123.7 - - [16/Jul/2024:10:07:37 +0900] "POST /admin/travel_all_statistics.jsp HTTP/1.1" 200 695
192.168.123.7 - - [16/Jul/2024:10:07:38 +0900] "POST /admin/travel_all_statistics.jsp HTTP/1.1" 200 695
192.168.123.7 - - [16/Jul/2024:10:07:38 +0900] "POST /admin/travel_all_statistics.jsp HTTP/1.1" 200 695
192.168.123.3 - - [16/Jul/2024:10:07:38 +0900] "POST /admin/hotel_statistics.jsp HTTP/1.1" 500 2670
192.168.123.3 - - [16/Jul/2024:10:07:39 +0900] "POST /admin/hotel_all_statistics.jsp HTTP/1.1" 200 685
192.168.123.7 - - [16/Jul/2024:10:07:39 +0900] "POST /admin/travel_all_statistics.jsp HTTP/1.1" 200 695
192.168.123.7 - - [16/Jul/2024:10:07:39 +0900] "POST /admin/travel_all_statistics.jsp HTTP/1.1" 200 695
192.168.123.7 - - [16/Jul/2024:10:07:40 +0900] "POST /admin/travel_all_statistics.jsp HTTP/1.1" 200 695
192.168.123.7 - - [16/Jul/2024:10:07:40 +0900] "POST /admin/travel_all_statistics.jsp HTTP/1.1" 200 695
192.168.123.7 - - [16/Jul/2024:10:07:41 +0900] "POST /admin/travel_all_statistics.jsp HTTP/1.1" 200 695
192.168.123.7 - - [16/Jul/2024:10:07:41 +0900] "POST /admin/travel_all_statistics.jsp HTTP/1.1" 200 695
192.168.123.7 - - [16/Jul/2024:10:07:47 +0900] "POST /admin/travel_all_statistics.jsp HTTP/1.1" 200 695
192.168.123.7 - - [16/Jul/2024:10:07:47 +0900] "POST /admin/travel_all_statistics.jsp HTTP/1.1" 200 695
192.168.123.3 - - [16/Jul/2024:10:07:53 +0900] "POST /admin/travel_all_statistics.jsp HTTP/1.1" 200 695
192.168.123.7 - - [16/Jul/2024:10:08:10 +0900] "POST /hotel/login.jsp HTTP/1.1" 200 171
192.168.123.7 - - [16/Jul/2024:10:08:12 +0900] "POST /hotel/all_statistics.jsp HTTP/1.1" 200 343
192.168.123.3 - - [16/Jul/2024:10:08:13 +0900] "POST /admin/travel_statistics.jsp HTTP/1.1" 200 171
192.168.123.7 - - [16/Jul/2024:10:08:13 +0900] "POST /hotel/all_statistics.jsp HTTP/1.1" 200 343
192.168.123.7 - - [16/Jul/2024:10:08:14 +0900] "POST /hotel/all_statistics.jsp HTTP/1.1" 200 343
192.168.123.7 - - [16/Jul/2024:10:08:15 +0900] "POST /hotel/statistics_in.jsp HTTP/1.1" 500 2762
192.168.123.7 - - [16/Jul/2024:10:08:15 +0900] "POST /hotel/statistics_in.jsp HTTP/1.1" 200 153
192.168.123.7 - - [16/Jul/2024:10:08:17 +0900] "POST /hotel/all_statistics.jsp HTTP/1.1" 200 343
192.168.123.7 - - [16/Jul/2024:10:08:17 +0900] "POST /hotel/all_statistics.jsp HTTP/1.1" 200 343
192.168.123.7 - - [16/Jul/2024:10:08:18 +0900] "POST /hotel/statistics_in.jsp HTTP/1.1" 200 153
192.168.123.3 - - [16/Jul/2024:10:08:20 +0900] "POST /admin/travel_statistics.jsp HTTP/1.1" 200 693
192.168.123.3 - - [16/Jul/2024:10:08:22 +0900] "POST /admin/travel_statistics.jsp HTTP/1.1" 200 171
192.168.123.3 - - [16/Jul/2024:10:08:24 +0900] "POST /admin/travel_statistics.jsp HTTP/1.1" 200 171
192.168.123.3 - - [16/Jul/2024:10:08:25 +0900] "POST /admin/travel_statistics.jsp HTTP/1.1" 200 171
192.168.123.3 - - [16/Jul/2024:10:08:26 +0900] "POST /admin/travel_statistics.jsp HTTP/1.1" 200 171
192.168.123.7 - - [16/Jul/2024:10:08:26 +0900] "POST /hotel/all_statistics.jsp HTTP/1.1" 200 343
192.168.123.3 - - [16/Jul/2024:10:08:27 +0900] "POST /admin/travel_statistics.jsp HTTP/1.1" 200 514
192.168.123.3 - - [16/Jul/2024:10:08:30 +0900] "POST /admin/travel_statistics.jsp HTTP/1.1" 200 514
192.168.123.3 - - [16/Jul/2024:10:08:31 +0900] "POST /admin/travel_all_statistics.jsp HTTP/1.1" 200 695
192.168.123.3 - - [16/Jul/2024:10:08:46 +0900] "POST /admin/hotel_all_statistics.jsp HTTP/1.1" 200 685
192.168.123.7 - - [16/Jul/2024:10:08:46 +0900] "POST /hotel/all_statistics.jsp HTTP/1.1" 200 343
192.168.123.7 - - [16/Jul/2024:10:08:48 +0900] "POST /hotel/statistics_in.jsp HTTP/1.1" 500 2762
192.168.123.7 - - [16/Jul/2024:10:08:48 +0900] "POST /hotel/statistics_in.jsp HTTP/1.1" 200 153
192.168.123.7 - - [16/Jul/2024:10:08:49 +0900] "POST /hotel/all_statistics.jsp HTTP/1.1" 200 343
192.168.123.7 - - [16/Jul/2024:10:08:50 +0900] "POST /hotel/all_statistics.jsp HTTP/1.1" 200 343
192.168.123.3 - - [16/Jul/2024:10:08:51 +0900] "POST /admin/hotel_statistics.jsp HTTP/1.1" 500 2670
192.168.123.3 - - [16/Jul/2024:10:08:57 +0900] "POST /admin/hotel_statistics.jsp HTTP/1.1" 500 2670
192.168.123.3 - - [16/Jul/2024:10:08:59 +0900] "POST /admin/hotel_statistics.jsp HTTP/1.1" 500 2670
192.168.123.3 - - [16/Jul/2024:10:09:05 +0900] "POST /admin/hotel_statistics.jsp HTTP/1.1" 500 2670
192.168.123.3 - - [16/Jul/2024:10:09:06 +0900] "POST /admin/hotel_statistics.jsp HTTP/1.1" 500 2670
192.168.123.3 - - [16/Jul/2024:10:09:07 +0900] "POST /admin/hotel_statistics.jsp HTTP/1.1" 500 2670
192.168.123.3 - - [16/Jul/2024:10:09:08 +0900] "POST /admin/hotel_all_statistics.jsp HTTP/1.1" 200 685
192.168.123.3 - - [16/Jul/2024:10:09:13 +0900] "POST /admin/hotel_statistics.jsp HTTP/1.1" 500 2670
192.168.123.7 - - [16/Jul/2024:10:09:16 +0900] "POST /hotel/statistics_in.jsp HTTP/1.1" 500 2762
192.168.123.7 - - [16/Jul/2024:10:09:17 +0900] "POST /hotel/statistics_in.jsp HTTP/1.1" 200 327
192.168.123.7 - - [16/Jul/2024:10:09:17 +0900] "POST /hotel/statistics_in.jsp HTTP/1.1" 200 327
192.168.123.7 - - [16/Jul/2024:10:09:20 +0900] "POST /hotel/statistics_in.jsp HTTP/1.1" 500 2762
192.168.123.7 - - [16/Jul/2024:10:09:20 +0900] "POST /hotel/statistics_in.jsp HTTP/1.1" 200 327
192.168.123.7 - - [16/Jul/2024:10:09:21 +0900] "POST /hotel/statistics_in.jsp HTTP/1.1" 200 327
192.168.123.7 - - [16/Jul/2024:10:09:21 +0900] "POST /hotel/statistics_in.jsp HTTP/1.1" 200 327
192.168.123.7 - - [16/Jul/2024:10:09:21 +0900] "POST /hotel/statistics_in.jsp HTTP/1.1" 200 327
192.168.123.7 - - [16/Jul/2024:10:09:21 +0900] "POST /hotel/statistics_in.jsp HTTP/1.1" 200 327
192.168.123.7 - - [16/Jul/2024:10:09:21 +0900] "POST /hotel/statistics_in.jsp HTTP/1.1" 200 327
192.168.123.7 - - [16/Jul/2024:10:09:22 +0900] "POST /hotel/statistics_in.jsp HTTP/1.1" 200 327
192.168.123.7 - - [16/Jul/2024:10:09:22 +0900] "POST /hotel/statistics_in.jsp HTTP/1.1" 200 327
192.168.123.7 - - [16/Jul/2024:10:09:22 +0900] "POST /hotel/statistics_in.jsp HTTP/1.1" 200 327
192.168.123.7 - - [16/Jul/2024:10:09:23 +0900] "POST /hotel/statistics_in.jsp HTTP/1.1" 200 327
192.168.123.7 - - [16/Jul/2024:10:09:24 +0900] "POST /hotel/statistics_in.jsp HTTP/1.1" 500 2762
192.168.123.7 - - [16/Jul/2024:10:09:24 +0900] "POST /hotel/statistics_in.jsp HTTP/1.1" 200 153
192.168.123.169 - - [16/Jul/2024:10:09:25 +0900] "GET /hotel/resv_all.jsp?agency_id=1&hotel_id=1&from_date=20240710&to_date=20240820&sep=check_in HTTP/1.1" 200 1148
192.168.123.7 - - [16/Jul/2024:10:09:27 +0900] "POST /hotel/all_statistics.jsp HTTP/1.1" 200 343
192.168.123.7 - - [16/Jul/2024:10:09:28 +0900] "POST /hotel/all_statistics.jsp HTTP/1.1" 200 343
192.168.123.7 - - [16/Jul/2024:10:09:29 +0900] "POST /hotel/statistics_in.jsp HTTP/1.1" 500 2762
192.168.123.169 - - [16/Jul/2024:10:09:30 +0900] "GET /hotel/resv_all.jsp?agency_id=1&hotel_id=1&from_date=20240710&to_date=20240820&sep=check_ HTTP/1.1" 200 1148
192.168.123.7 - - [16/Jul/2024:10:09:30 +0900] "POST /hotel/statistics_in.jsp HTTP/1.1" 200 327
192.168.123.7 - - [16/Jul/2024:10:09:30 +0900] "POST /hotel/statistics_in.jsp HTTP/1.1" 200 327
192.168.123.7 - - [16/Jul/2024:10:09:31 +0900] "POST /hotel/statistics_in.jsp HTTP/1.1" 200 327
192.168.123.7 - - [16/Jul/2024:10:09:32 +0900] "POST /hotel/statistics_in.jsp HTTP/1.1" 200 327
192.168.123.7 - - [16/Jul/2024:10:09:33 +0900] "POST /hotel/statistics_in.jsp HTTP/1.1" 500 2762
192.168.123.7 - - [16/Jul/2024:10:09:34 +0900] "POST /hotel/statistics_in.jsp HTTP/1.1" 200 327
192.168.123.7 - - [16/Jul/2024:10:09:34 +0900] "POST /hotel/statistics_in.jsp HTTP/1.1" 200 327
192.168.123.7 - - [16/Jul/2024:10:09:34 +0900] "POST /hotel/statistics_in.jsp HTTP/1.1" 200 327
192.168.123.169 - - [16/Jul/2024:10:09:34 +0900] "GET /hotel/resv_all.jsp?agency_id=1&hotel_id=1&from_date=20240710&to_date=20240820&sep= HTTP/1.1" 200 1148
192.168.123.7 - - [16/Jul/2024:10:09:35 +0900] "POST /hotel/statistics_in.jsp HTTP/1.1" 200 327
192.168.123.7 - - [16/Jul/2024:10:09:35 +0900] "POST /hotel/statistics_in.jsp HTTP/1.1" 200 327
192.168.123.7 - - [16/Jul/2024:10:09:35 +0900] "POST /hotel/statistics_in.jsp HTTP/1.1" 200 327
192.168.123.7 - - [16/Jul/2024:10:09:35 +0900] "POST /hotel/statistics_in.jsp HTTP/1.1" 200 327
192.168.123.7 - - [16/Jul/2024:10:09:36 +0900] "POST /hotel/statistics_in.jsp HTTP/1.1" 200 327
192.168.123.7 - - [16/Jul/2024:10:09:36 +0900] "POST /hotel/statistics_in.jsp HTTP/1.1" 200 327
192.168.123.7 - - [16/Jul/2024:10:09:37 +0900] "POST /hotel/all_statistics.jsp HTTP/1.1" 200 343
192.168.123.7 - - [16/Jul/2024:10:09:39 +0900] "POST /hotel/statistics_in.jsp HTTP/1.1" 500 2762
192.168.123.7 - - [16/Jul/2024:10:09:40 +0900] "POST /hotel/statistics_in.jsp HTTP/1.1" 200 327
192.168.123.169 - - [16/Jul/2024:10:09:59 +0900] "GET /hotel/resv_all.jsp?agency_id=1&hotel_id=1 HTTP/1.1" 200 88
192.168.123.169 - - [16/Jul/2024:10:10:14 +0900] "GET /hotel/resv_all.jsp?agency_id=1&hotel_id=1&from_date=20240710&to_date=20240820&sep=check_in HTTP/1.1" 200 1148
192.168.123.3 - - [16/Jul/2024:10:11:08 +0900] "POST /hotel/login.jsp HTTP/1.1" 200 167
192.168.123.7 - - [16/Jul/2024:10:11:59 +0900] "POST /hotel/all_statistics.jsp HTTP/1.1" 200 343
192.168.123.7 - - [16/Jul/2024:10:12:00 +0900] "POST /hotel/all_statistics.jsp HTTP/1.1" 200 343
192.168.123.3 - - [16/Jul/2024:10:12:10 +0900] "POST /hotel/all_statistics.jsp HTTP/1.1" 200 517
192.168.123.3 - - [16/Jul/2024:10:12:22 +0900] "POST /hotel/statistics_in.jsp HTTP/1.1" 500 2762
192.168.123.3 - - [16/Jul/2024:10:12:25 +0900] "POST /hotel/resv_all.jsp HTTP/1.1" 200 88
192.168.123.169 - - [16/Jul/2024:10:12:26 +0900] "GET /hotel/resv_all.jsp?agency_id=1&hotel_id=1&from_date=20240710&to_date=20240820&sep=check_in HTTP/1.1" 200 1148
192.168.123.169 - - [16/Jul/2024:10:12:26 +0900] "GET /favicon.ico HTTP/1.1" 200 21630
192.168.123.3 - - [16/Jul/2024:10:12:28 +0900] "POST /hotel/resv_all.jsp HTTP/1.1" 200 88
192.168.123.3 - - [16/Jul/2024:10:12:31 +0900] "POST /hotel/all_statistics.jsp HTTP/1.1" 200 517
192.168.123.3 - - [16/Jul/2024:10:12:33 +0900] "POST /hotel/resv_all.jsp HTTP/1.1" 200 88
192.168.123.3 - - [16/Jul/2024:10:12:35 +0900] "POST /hotel/resv_all.jsp HTTP/1.1" 200 88
192.168.123.3 - - [16/Jul/2024:10:12:37 +0900] "POST /hotel/statistics.jsp HTTP/1.1" 200 171
192.168.123.3 - - [16/Jul/2024:10:12:39 +0900] "POST /hotel/statistics.jsp HTTP/1.1" 200 171
192.168.123.3 - - [16/Jul/2024:10:12:40 +0900] "POST /hotel/statistics.jsp HTTP/1.1" 200 171
192.168.123.3 - - [16/Jul/2024:10:12:40 +0900] "POST /hotel/statistics.jsp HTTP/1.1" 200 171
192.168.123.3 - - [16/Jul/2024:10:12:41 +0900] "POST /hotel/statistics.jsp HTTP/1.1" 200 352
192.168.123.3 - - [16/Jul/2024:10:12:43 +0900] "POST /hotel/statistics.jsp HTTP/1.1" 200 352
192.168.123.3 - - [16/Jul/2024:10:12:43 +0900] "POST /hotel/all_statistics.jsp HTTP/1.1" 200 517
192.168.123.3 - - [16/Jul/2024:10:12:45 +0900] "POST /hotel/all_statistics.jsp HTTP/1.1" 200 517
192.168.123.3 - - [16/Jul/2024:10:12:46 +0900] "POST /hotel/statistics_in.jsp HTTP/1.1" 500 2762
192.168.123.3 - - [16/Jul/2024:10:12:47 +0900] "POST /hotel/statistics_in.jsp HTTP/1.1" 200 153
192.168.123.3 - - [16/Jul/2024:10:12:47 +0900] "POST /hotel/statistics_in.jsp HTTP/1.1" 200 153
192.168.123.3 - - [16/Jul/2024:10:12:48 +0900] "POST /hotel/statistics_in.jsp HTTP/1.1" 200 153
192.168.123.3 - - [16/Jul/2024:10:12:49 +0900] "POST /hotel/statistics_in.jsp HTTP/1.1" 200 352
192.168.123.3 - - [16/Jul/2024:10:12:49 +0900] "POST /hotel/statistics_in.jsp HTTP/1.1" 200 352
192.168.123.3 - - [16/Jul/2024:10:12:50 +0900] "POST /hotel/all_statistics.jsp HTTP/1.1" 200 517
192.168.123.3 - - [16/Jul/2024:10:12:51 +0900] "POST /hotel/all_statistics.jsp HTTP/1.1" 200 517
192.168.123.3 - - [16/Jul/2024:10:13:29 +0900] "POST /travel/login.jsp HTTP/1.1" 200 169
192.168.123.3 - - [16/Jul/2024:10:13:40 +0900] "POST /travel/all_statistics.jsp HTTP/1.1" 200 520
192.168.123.3 - - [16/Jul/2024:10:13:43 +0900] "POST /travel/all_statistics.jsp HTTP/1.1" 200 520
192.168.123.3 - - [16/Jul/2024:10:13:45 +0900] "POST /travel/all_statistics.jsp HTTP/1.1" 200 520
192.168.123.3 - - [16/Jul/2024:10:13:49 +0900] "POST /travel/statistics_in.jsp HTTP/1.1" 200 520
192.168.123.7 - - [16/Jul/2024:10:13:52 +0900] "POST /hotel/statistics_in.jsp HTTP/1.1" 500 2762
192.168.123.3 - - [16/Jul/2024:10:13:52 +0900] "POST /travel/statistics_in.jsp HTTP/1.1" 200 171
192.168.123.7 - - [16/Jul/2024:10:13:52 +0900] "POST /hotel/statistics_in.jsp HTTP/1.1" 200 153
192.168.123.7 - - [16/Jul/2024:10:13:53 +0900] "POST /hotel/statistics_in.jsp HTTP/1.1" 200 153
192.168.123.3 - - [16/Jul/2024:10:13:53 +0900] "POST /travel/statistics_in.jsp HTTP/1.1" 200 171
192.168.123.7 - - [16/Jul/2024:10:13:53 +0900] "POST /hotel/statistics_in.jsp HTTP/1.1" 200 153
192.168.123.7 - - [16/Jul/2024:10:13:53 +0900] "POST /hotel/statistics_in.jsp HTTP/1.1" 200 153
192.168.123.7 - - [16/Jul/2024:10:13:54 +0900] "POST /hotel/statistics_in.jsp HTTP/1.1" 200 153
192.168.123.7 - - [16/Jul/2024:10:13:54 +0900] "POST /hotel/statistics_in.jsp HTTP/1.1" 200 153
192.168.123.7 - - [16/Jul/2024:10:13:54 +0900] "POST /hotel/statistics_in.jsp HTTP/1.1" 200 153
192.168.123.7 - - [16/Jul/2024:10:13:54 +0900] "POST /hotel/statistics_in.jsp HTTP/1.1" 200 153
192.168.123.7 - - [16/Jul/2024:10:13:54 +0900] "POST /hotel/statistics_in.jsp HTTP/1.1" 200 153
192.168.123.3 - - [16/Jul/2024:10:13:54 +0900] "POST /travel/statistics_in.jsp HTTP/1.1" 200 171
192.168.123.7 - - [16/Jul/2024:10:13:55 +0900] "POST /hotel/statistics_in.jsp HTTP/1.1" 200 327
192.168.123.7 - - [16/Jul/2024:10:13:55 +0900] "POST /hotel/statistics_in.jsp HTTP/1.1" 200 153
192.168.123.7 - - [16/Jul/2024:10:13:55 +0900] "POST /hotel/statistics_in.jsp HTTP/1.1" 200 153
192.168.123.7 - - [16/Jul/2024:10:13:56 +0900] "POST /hotel/statistics_in.jsp HTTP/1.1" 200 153
192.168.123.3 - - [16/Jul/2024:10:13:56 +0900] "POST /travel/statistics_in.jsp HTTP/1.1" 200 336
192.168.123.7 - - [16/Jul/2024:10:13:56 +0900] "POST /hotel/statistics_in.jsp HTTP/1.1" 500 2762
192.168.123.7 - - [16/Jul/2024:10:13:56 +0900] "POST /hotel/all_statistics.jsp HTTP/1.1" 200 343
192.168.123.7 - - [16/Jul/2024:10:13:57 +0900] "POST /hotel/all_statistics.jsp HTTP/1.1" 200 343
192.168.123.7 - - [16/Jul/2024:10:13:58 +0900] "POST /hotel/statistics_in.jsp HTTP/1.1" 200 327
192.168.123.3 - - [16/Jul/2024:10:13:58 +0900] "POST /travel/statistics_in.jsp HTTP/1.1" 200 336
192.168.123.7 - - [16/Jul/2024:10:13:59 +0900] "POST /hotel/statistics_in.jsp HTTP/1.1" 200 327
192.168.123.7 - - [16/Jul/2024:10:13:59 +0900] "POST /hotel/all_statistics.jsp HTTP/1.1" 200 343
192.168.123.3 - - [16/Jul/2024:10:14:00 +0900] "POST /travel/all_statistics.jsp HTTP/1.1" 200 520
192.168.123.7 - - [16/Jul/2024:10:14:00 +0900] "POST /hotel/all_statistics.jsp HTTP/1.1" 200 343
192.168.123.7 - - [16/Jul/2024:10:14:01 +0900] "POST /hotel/statistics_in.jsp HTTP/1.1" 500 2762
192.168.123.7 - - [16/Jul/2024:10:14:02 +0900] "POST /hotel/statistics_in.jsp HTTP/1.1" 200 327
192.168.123.3 - - [16/Jul/2024:10:14:04 +0900] "POST /travel/all_statistics.jsp HTTP/1.1" 200 520
192.168.123.7 - - [16/Jul/2024:10:14:04 +0900] "POST /hotel/statistics_in.jsp HTTP/1.1" 200 327
192.168.123.7 - - [16/Jul/2024:10:14:04 +0900] "POST /hotel/statistics_in.jsp HTTP/1.1" 200 327
192.168.123.7 - - [16/Jul/2024:10:14:05 +0900] "POST /hotel/statistics_in.jsp HTTP/1.1" 200 327
192.168.123.7 - - [16/Jul/2024:10:14:05 +0900] "POST /hotel/statistics_in.jsp HTTP/1.1" 200 327
192.168.123.7 - - [16/Jul/2024:10:14:06 +0900] "POST /hotel/statistics_in.jsp HTTP/1.1" 500 2762
192.168.123.7 - - [16/Jul/2024:10:14:06 +0900] "POST /hotel/statistics_in.jsp HTTP/1.1" 200 153
192.168.123.7 - - [16/Jul/2024:10:14:06 +0900] "POST /hotel/statistics_in.jsp HTTP/1.1" 200 153
192.168.123.7 - - [16/Jul/2024:10:14:06 +0900] "POST /hotel/statistics_in.jsp HTTP/1.1" 200 153
192.168.123.7 - - [16/Jul/2024:10:14:07 +0900] "POST /hotel/statistics_in.jsp HTTP/1.1" 200 153
192.168.123.7 - - [16/Jul/2024:10:14:07 +0900] "POST /hotel/statistics_in.jsp HTTP/1.1" 200 153
192.168.123.7 - - [16/Jul/2024:10:14:07 +0900] "POST /hotel/statistics_in.jsp HTTP/1.1" 200 153
192.168.123.3 - - [16/Jul/2024:10:14:09 +0900] "POST /travel/statistics.jsp HTTP/1.1" 200 520
192.168.123.3 - - [16/Jul/2024:10:14:12 +0900] "POST /travel/statistics.jsp HTTP/1.1" 200 171
192.168.123.3 - - [16/Jul/2024:10:14:12 +0900] "POST /travel/statistics.jsp HTTP/1.1" 200 171
192.168.123.7 - - [16/Jul/2024:10:14:12 +0900] "POST /hotel/resv_all.jsp HTTP/1.1" 200 88
192.168.123.3 - - [16/Jul/2024:10:14:13 +0900] "POST /travel/statistics.jsp HTTP/1.1" 200 171
192.168.123.3 - - [16/Jul/2024:10:14:14 +0900] "POST /travel/statistics.jsp HTTP/1.1" 200 336
192.168.123.7 - - [16/Jul/2024:10:14:15 +0900] "POST /hotel/all_statistics.jsp HTTP/1.1" 200 343
192.168.123.3 - - [16/Jul/2024:10:14:15 +0900] "POST /travel/statistics.jsp HTTP/1.1" 200 336
192.168.123.7 - - [16/Jul/2024:10:14:16 +0900] "POST /hotel/resv_all.jsp HTTP/1.1" 200 88
192.168.123.3 - - [16/Jul/2024:10:14:16 +0900] "POST /travel/all_statistics.jsp HTTP/1.1" 200 520
192.168.123.7 - - [16/Jul/2024:10:14:18 +0900] "POST /hotel/statistics_in.jsp HTTP/1.1" 500 2762
192.168.123.7 - - [16/Jul/2024:10:14:18 +0900] "POST /hotel/statistics_in.jsp HTTP/1.1" 200 153
192.168.123.7 - - [16/Jul/2024:10:14:19 +0900] "POST /hotel/statistics_in.jsp HTTP/1.1" 200 153
192.168.123.7 - - [16/Jul/2024:10:14:19 +0900] "POST /hotel/statistics_in.jsp HTTP/1.1" 200 153
192.168.123.7 - - [16/Jul/2024:10:14:19 +0900] "POST /hotel/statistics_in.jsp HTTP/1.1" 200 153
192.168.123.7 - - [16/Jul/2024:10:14:19 +0900] "POST /hotel/statistics_in.jsp HTTP/1.1" 200 153
192.168.123.7 - - [16/Jul/2024:10:14:19 +0900] "POST /hotel/statistics_in.jsp HTTP/1.1" 200 153
192.168.123.7 - - [16/Jul/2024:10:14:20 +0900] "POST /hotel/statistics_in.jsp HTTP/1.1" 200 153
192.168.123.3 - - [16/Jul/2024:10:14:27 +0900] "POST /travel/room_inquiry_null_select.jsp HTTP/1.1" 200 73
192.168.123.3 - - [16/Jul/2024:10:14:30 +0900] "POST /travel/room_inquiry_not_null_select.jsp HTTP/1.1" 200 73
192.168.123.3 - - [16/Jul/2024:10:14:33 +0900] "POST /travel/room_inquiry_null_select.jsp HTTP/1.1" 200 73
192.168.123.3 - - [16/Jul/2024:10:14:45 +0900] "POST /hotel/login.jsp HTTP/1.1" 200 167
192.168.123.3 - - [16/Jul/2024:10:15:04 +0900] "POST /travel/login.jsp HTTP/1.1" 200 169
192.168.123.3 - - [16/Jul/2024:10:15:12 +0900] "POST /travel/resv_related_select.jsp HTTP/1.1" 200 409
192.168.123.3 - - [16/Jul/2024:10:15:17 +0900] "POST /travel/resv_related_select.jsp HTTP/1.1" 200 40
192.168.123.7 - - [16/Jul/2024:10:15:18 +0900] "POST /hotel/statistics_in.jsp HTTP/1.1" 500 2762
192.168.123.7 - - [16/Jul/2024:10:15:18 +0900] "POST /hotel/statistics_in.jsp HTTP/1.1" 200 153
192.168.123.7 - - [16/Jul/2024:10:15:19 +0900] "POST /hotel/statistics_in.jsp HTTP/1.1" 200 153
192.168.123.7 - - [16/Jul/2024:10:15:20 +0900] "POST /hotel/statistics_in.jsp HTTP/1.1" 200 153
192.168.123.3 - - [16/Jul/2024:10:15:20 +0900] "POST /travel/resv_related_select.jsp HTTP/1.1" 200 404
192.168.123.3 - - [16/Jul/2024:10:15:24 +0900] "POST /travel/resv_cancel_select.jsp HTTP/1.1" 200 774
192.168.123.3 - - [16/Jul/2024:10:15:42 +0900] "POST /travel/resv_related_select.jsp HTTP/1.1" 200 404
192.168.123.7 - - [16/Jul/2024:10:15:42 +0900] "POST /hotel/statistics_in.jsp HTTP/1.1" 500 2762
192.168.123.7 - - [16/Jul/2024:10:15:43 +0900] "POST /hotel/statistics_in.jsp HTTP/1.1" 200 153
192.168.123.7 - - [16/Jul/2024:10:15:44 +0900] "POST /hotel/statistics_in.jsp HTTP/1.1" 200 153
192.168.123.7 - - [16/Jul/2024:10:15:45 +0900] "POST /hotel/statistics_in.jsp HTTP/1.1" 200 153
192.168.123.3 - - [16/Jul/2024:10:15:52 +0900] "POST /travel/resv_related_select.jsp HTTP/1.1" 200 40
192.168.123.3 - - [16/Jul/2024:10:15:55 +0900] "POST /travel/resv_related_select.jsp HTTP/1.1" 200 409
192.168.123.7 - - [16/Jul/2024:10:15:57 +0900] "POST /hotel/resv_all.jsp HTTP/1.1" 200 88
192.168.123.7 - - [16/Jul/2024:10:15:59 +0900] "POST /hotel/statistics_in.jsp HTTP/1.1" 500 2762
192.168.123.7 - - [16/Jul/2024:10:16:00 +0900] "POST /hotel/statistics_in.jsp HTTP/1.1" 200 153
192.168.123.7 - - [16/Jul/2024:10:16:01 +0900] "POST /hotel/statistics_in.jsp HTTP/1.1" 200 153
192.168.123.7 - - [16/Jul/2024:10:16:03 +0900] "POST /hotel/statistics_in.jsp HTTP/1.1" 200 153
192.168.123.3 - - [16/Jul/2024:10:16:03 +0900] "POST /travel/resv_related_select.jsp HTTP/1.1" 200 40
192.168.123.7 - - [16/Jul/2024:10:16:04 +0900] "POST /hotel/statistics_in.jsp HTTP/1.1" 500 2762
192.168.123.7 - - [16/Jul/2024:10:16:05 +0900] "POST /hotel/statistics_in.jsp HTTP/1.1" 200 327
192.168.123.7 - - [16/Jul/2024:10:16:06 +0900] "POST /hotel/statistics_in.jsp HTTP/1.1" 200 153
192.168.123.3 - - [16/Jul/2024:10:16:07 +0900] "POST /travel/resv_cancel_select.jsp HTTP/1.1" 200 774
192.168.123.7 - - [16/Jul/2024:10:16:08 +0900] "POST /hotel/all_statistics.jsp HTTP/1.1" 200 343
192.168.123.7 - - [16/Jul/2024:10:16:09 +0900] "POST /hotel/statistics_in.jsp HTTP/1.1" 500 2762
192.168.123.7 - - [16/Jul/2024:10:16:10 +0900] "POST /hotel/statistics_in.jsp HTTP/1.1" 200 153
192.168.123.3 - - [16/Jul/2024:10:16:22 +0900] "POST /hotel/login.jsp HTTP/1.1" 200 167
192.168.123.3 - - [16/Jul/2024:10:16:26 +0900] "POST /hotel/resv_related_select.jsp HTTP/1.1" 200 404
192.168.123.3 - - [16/Jul/2024:10:16:38 +0900] "POST /hotel/resv_related_select.jsp HTTP/1.1" 200 404
192.168.123.7 - - [16/Jul/2024:10:16:46 +0900] "POST /hotel/statistics_in.jsp HTTP/1.1" 500 2762
192.168.123.3 - - [16/Jul/2024:10:16:46 +0900] "POST /hotel/resv_related_select.jsp HTTP/1.1" 200 40
192.168.123.7 - - [16/Jul/2024:10:16:47 +0900] "POST /hotel/statistics_in.jsp HTTP/1.1" 200 153
192.168.123.7 - - [16/Jul/2024:10:16:48 +0900] "POST /hotel/statistics_in.jsp HTTP/1.1" 200 153
192.168.123.3 - - [16/Jul/2024:10:16:50 +0900] "POST /hotel/resv_related_select.jsp HTTP/1.1" 200 789
192.168.123.7 - - [16/Jul/2024:10:16:50 +0900] "POST /hotel/statistics_in.jsp HTTP/1.1" 500 2762
192.168.123.7 - - [16/Jul/2024:10:16:51 +0900] "POST /hotel/statistics_in.jsp HTTP/1.1" 200 327
192.168.123.7 - - [16/Jul/2024:10:16:51 +0900] "POST /hotel/statistics_in.jsp HTTP/1.1" 200 153
192.168.123.7 - - [16/Jul/2024:10:16:53 +0900] "POST /hotel/all_statistics.jsp HTTP/1.1" 200 343
192.168.123.7 - - [16/Jul/2024:10:16:54 +0900] "POST /hotel/all_statistics.jsp HTTP/1.1" 200 343
192.168.123.7 - - [16/Jul/2024:10:16:55 +0900] "POST /hotel/statistics_in.jsp HTTP/1.1" 500 2762
192.168.123.7 - - [16/Jul/2024:10:16:56 +0900] "POST /hotel/statistics_in.jsp HTTP/1.1" 200 327
192.168.123.7 - - [16/Jul/2024:10:16:56 +0900] "POST /hotel/statistics_in.jsp HTTP/1.1" 200 327
192.168.123.7 - - [16/Jul/2024:10:16:57 +0900] "POST /hotel/all_statistics.jsp HTTP/1.1" 200 343
192.168.123.7 - - [16/Jul/2024:10:16:58 +0900] "POST /hotel/statistics_in.jsp HTTP/1.1" 200 327
192.168.123.7 - - [16/Jul/2024:10:16:59 +0900] "POST /hotel/statistics_in.jsp HTTP/1.1" 500 2762
192.168.123.7 - - [16/Jul/2024:10:17:00 +0900] "POST /hotel/statistics_in.jsp HTTP/1.1" 200 153
192.168.123.3 - - [16/Jul/2024:10:17:01 +0900] "POST /hotel/resv_cancel_select.jsp HTTP/1.1" 200 778
192.168.123.7 - - [16/Jul/2024:10:18:23 +0900] "POST /hotel/statistics_in.jsp HTTP/1.1" 500 2762
192.168.123.7 - - [16/Jul/2024:10:18:23 +0900] "POST /hotel/statistics_in.jsp HTTP/1.1" 200 153
192.168.123.7 - - [16/Jul/2024:10:18:24 +0900] "POST /hotel/statistics_in.jsp HTTP/1.1" 200 327
192.168.123.7 - - [16/Jul/2024:10:18:24 +0900] "POST /hotel/statistics_in.jsp HTTP/1.1" 200 327
192.168.123.7 - - [16/Jul/2024:10:18:25 +0900] "POST /hotel/statistics_in.jsp HTTP/1.1" 200 327
